// Jest Snapshot v1, https://goo.gl/fbAQLP

exports[`save() save() should create file 1`] = `
Object {
  "/test.yml": "foo: 1
",
}
`;

exports[`save() save() should update file 1`] = `
Object {
  "/test.yml": "bar: 42
baz:
  foo: 43
foo: 1
",
}
`;

exports[`yaml() can specify YAML version 1`] = `
Object {
  "/test.yml": "bool: true
string: \\"yes\\"",
}
`;
